// Jest Snapshot v1, https://goo.gl/fbAQLP

exports[`AlertError should render an Alert when an error is provided to it 1`] = `
ShallowWrapper {
  "length": 1,
  Symbol(enzyme.__root__): [Circular],
  Symbol(enzyme.__unrendered__): <AlertError
    error="error"
/>,
  Symbol(enzyme.__renderer__): Object {
    "batchedUpdates": [Function],
    "getNode": [Function],
    "render": [Function],
    "simulateEvent": [Function],
    "unmount": [Function],
  },
  Symbol(enzyme.__node__): Object {
    "instance": null,
    "key": undefined,
    "nodeType": "function",
    "props": Object {
      "children": "error",
      "closeAriaLabel": "Close",
      "color": "danger",
      "isOpen": true,
      "tag": "div",
      "transition": Object {
        "appear": true,
        "baseClass": "fade",
        "baseClassActive": "show",
        "enter": true,
        "exit": true,
        "in": true,
        "mountOnEnter": false,
        "onEnter": [Function],
        "onEntered": [Function],
        "onEntering": [Function],
        "onExit": [Function],
        "onExited": [Function],
        "onExiting": [Function],
        "tag": "div",
        "timeout": 150,
        "unmountOnExit": true,
      },
    },
    "ref": null,
    "rendered": "error",
    "type": [Function],
  },
  Symbol(enzyme.__nodes__): Array [
    Object {
      "instance": null,
      "key": undefined,
      "nodeType": "function",
      "props": Object {
        "children": "error",
        "closeAriaLabel": "Close",
        "color": "danger",
        "isOpen": true,
        "tag": "div",
        "transition": Object {
          "appear": true,
          "baseClass": "fade",
          "baseClassActive": "show",
          "enter": true,
          "exit": true,
          "in": true,
          "mountOnEnter": false,
          "onEnter": [Function],
          "onEntered": [Function],
          "onEntering": [Function],
          "onExit": [Function],
          "onExited": [Function],
          "onExiting": [Function],
          "tag": "div",
          "timeout": 150,
          "unmountOnExit": true,
        },
      },
      "ref": null,
      "rendered": "error",
      "type": [Function],
    },
  ],
  Symbol(enzyme.__options__): Object {
    "adapter": ReactSixteenAdapter {
      "options": Object {
        "enableComponentDidUpdateOnSetState": true,
      },
    },
  },
}
`;
