// Jest Snapshot v1, https://goo.gl/fbAQLP

exports[`Pagination should render a Pagination Component successfully 1`] = `
ShallowWrapper {
  "length": 1,
  Symbol(enzyme.__root__): [Circular],
  Symbol(enzyme.__unrendered__): <Pagination
    meta={Object {}}
    onPageChange={[Function]}
/>,
  Symbol(enzyme.__renderer__): Object {
    "batchedUpdates": [Function],
    "getNode": [Function],
    "render": [Function],
    "simulateEvent": [Function],
    "unmount": [Function],
  },
  Symbol(enzyme.__node__): Object {
    "instance": null,
    "key": undefined,
    "nodeType": "function",
    "props": Object {
      "children": Array [
        <PaginationItem
          disabled={false}
          tag="li"
>
          <PaginationLink
                    href="#"
                    onClick={[Function]}
                    previous={true}
                    tag="a"
          />
</PaginationItem>,
        <PaginationItem
          disabled={true}
          tag="li"
>
          <PaginationLink
                    href="#"
                    next={true}
                    onClick={[Function]}
                    tag="a"
          />
</PaginationItem>,
      ],
      "className": "float-right",
      "tag": "ul",
    },
    "ref": null,
    "rendered": Array [
      Object {
        "instance": null,
        "key": undefined,
        "nodeType": "function",
        "props": Object {
          "children": <PaginationLink
            href="#"
            onClick={[Function]}
            previous={true}
            tag="a"
/>,
          "disabled": false,
          "tag": "li",
        },
        "ref": null,
        "rendered": Object {
          "instance": null,
          "key": undefined,
          "nodeType": "function",
          "props": Object {
            "href": "#",
            "onClick": [Function],
            "previous": true,
            "tag": "a",
          },
          "ref": null,
          "rendered": null,
          "type": [Function],
        },
        "type": [Function],
      },
      Object {
        "instance": null,
        "key": undefined,
        "nodeType": "function",
        "props": Object {
          "children": <PaginationLink
            href="#"
            next={true}
            onClick={[Function]}
            tag="a"
/>,
          "disabled": true,
          "tag": "li",
        },
        "ref": null,
        "rendered": Object {
          "instance": null,
          "key": undefined,
          "nodeType": "function",
          "props": Object {
            "href": "#",
            "next": true,
            "onClick": [Function],
            "tag": "a",
          },
          "ref": null,
          "rendered": null,
          "type": [Function],
        },
        "type": [Function],
      },
    ],
    "type": [Function],
  },
  Symbol(enzyme.__nodes__): Array [
    Object {
      "instance": null,
      "key": undefined,
      "nodeType": "function",
      "props": Object {
        "children": Array [
          <PaginationItem
            disabled={false}
            tag="li"
>
            <PaginationLink
                        href="#"
                        onClick={[Function]}
                        previous={true}
                        tag="a"
            />
</PaginationItem>,
          <PaginationItem
            disabled={true}
            tag="li"
>
            <PaginationLink
                        href="#"
                        next={true}
                        onClick={[Function]}
                        tag="a"
            />
</PaginationItem>,
        ],
        "className": "float-right",
        "tag": "ul",
      },
      "ref": null,
      "rendered": Array [
        Object {
          "instance": null,
          "key": undefined,
          "nodeType": "function",
          "props": Object {
            "children": <PaginationLink
              href="#"
              onClick={[Function]}
              previous={true}
              tag="a"
/>,
            "disabled": false,
            "tag": "li",
          },
          "ref": null,
          "rendered": Object {
            "instance": null,
            "key": undefined,
            "nodeType": "function",
            "props": Object {
              "href": "#",
              "onClick": [Function],
              "previous": true,
              "tag": "a",
            },
            "ref": null,
            "rendered": null,
            "type": [Function],
          },
          "type": [Function],
        },
        Object {
          "instance": null,
          "key": undefined,
          "nodeType": "function",
          "props": Object {
            "children": <PaginationLink
              href="#"
              next={true}
              onClick={[Function]}
              tag="a"
/>,
            "disabled": true,
            "tag": "li",
          },
          "ref": null,
          "rendered": Object {
            "instance": null,
            "key": undefined,
            "nodeType": "function",
            "props": Object {
              "href": "#",
              "next": true,
              "onClick": [Function],
              "tag": "a",
            },
            "ref": null,
            "rendered": null,
            "type": [Function],
          },
          "type": [Function],
        },
      ],
      "type": [Function],
    },
  ],
  Symbol(enzyme.__options__): Object {
    "adapter": ReactSixteenAdapter {
      "options": Object {
        "enableComponentDidUpdateOnSetState": true,
      },
    },
  },
}
`;
